// Jest Snapshot v1, https://goo.gl/fbAQLP

exports[`VolatilityOracle #getTimepoints before initialization gas for getTimepoints since most recent  [ @skip-on-coverage ] 1`] = `8298`;

exports[`VolatilityOracle #getTimepoints before initialization gas for single timepoint at current time  [ @skip-on-coverage ] 1`] = `6351`;

exports[`VolatilityOracle #getTimepoints before initialization gas for single timepoint at current time after some time  [ @skip-on-coverage ] 1`] = `8164`;

exports[`VolatilityOracle #getTimepoints initialized with 5 timepoints with starting time of 5 fetch many values 1`] = `
Object {
  "tickCumulatives": Array [
    "-13",
    "-31",
    "-43",
    "-37",
    "-15",
    "9",
    "15",
  ],
}
`;

exports[`VolatilityOracle #getTimepoints initialized with 5 timepoints with starting time of 5 gas all of last 20 seconds  [ @skip-on-coverage ] 1`] = `101301`;

exports[`VolatilityOracle #getTimepoints initialized with 5 timepoints with starting time of 5 gas between oldest and oldest + 1  [ @skip-on-coverage ] 1`] = `17990`;

exports[`VolatilityOracle #getTimepoints initialized with 5 timepoints with starting time of 5 gas latest equal  [ @skip-on-coverage ] 1`] = `6351`;

exports[`VolatilityOracle #getTimepoints initialized with 5 timepoints with starting time of 5 gas latest transform  [ @skip-on-coverage ] 1`] = `10164`;

exports[`VolatilityOracle #getTimepoints initialized with 5 timepoints with starting time of 5 gas middle  [ @skip-on-coverage ] 1`] = `17477`;

exports[`VolatilityOracle #getTimepoints initialized with 5 timepoints with starting time of 5 gas oldest  [ @skip-on-coverage ] 1`] = `17072`;

exports[`VolatilityOracle #getTimepoints initialized with 5 timepoints with starting time of 4294967291 fetch many values 1`] = `
Object {
  "tickCumulatives": Array [
    "-13",
    "-31",
    "-43",
    "-37",
    "-15",
    "9",
    "15",
  ],
}
`;

exports[`VolatilityOracle #getTimepoints initialized with 5 timepoints with starting time of 4294967291 gas all of last 20 seconds  [ @skip-on-coverage ] 1`] = `100953`;

exports[`VolatilityOracle #getTimepoints initialized with 5 timepoints with starting time of 4294967291 gas between oldest and oldest + 1  [ @skip-on-coverage ] 1`] = `17932`;

exports[`VolatilityOracle #getTimepoints initialized with 5 timepoints with starting time of 4294967291 gas latest equal  [ @skip-on-coverage ] 1`] = `6351`;

exports[`VolatilityOracle #getTimepoints initialized with 5 timepoints with starting time of 4294967291 gas latest transform  [ @skip-on-coverage ] 1`] = `10193`;

exports[`VolatilityOracle #getTimepoints initialized with 5 timepoints with starting time of 4294967291 gas middle  [ @skip-on-coverage ] 1`] = `17448`;

exports[`VolatilityOracle #getTimepoints initialized with 5 timepoints with starting time of 4294967291 gas oldest  [ @skip-on-coverage ] 1`] = `17014`;

exports[`VolatilityOracle #initialize gas  [ @skip-on-coverage ] 1`] = `50461`;

exports[`VolatilityOracle full volatilityOracle gas cost of getTimepoints(0)  [ @skip-on-coverage ] 1`] = `6359`;

exports[`VolatilityOracle full volatilityOracle gas cost of getTimepoints(0) after 5 seconds  [ @skip-on-coverage ] 1`] = `16920`;

exports[`VolatilityOracle full volatilityOracle gas cost of getTimepoints(5) after 5 seconds  [ @skip-on-coverage ] 1`] = `6493`;

exports[`VolatilityOracle full volatilityOracle gas cost of getTimepoints(24h ago)  [ @skip-on-coverage ] 1`] = `13151`;

exports[`VolatilityOracle full volatilityOracle gas cost of getTimepoints(24h ago) after 5 seconds  [ @skip-on-coverage ] 1`] = `14616`;

exports[`VolatilityOracle full volatilityOracle gas cost of getTimepoints(24h ago) after 15 minutes [ @skip-on-coverage ] 1`] = `54287`;

exports[`VolatilityOracle full volatilityOracle gas cost of getTimepoints(200 * 13 + 5)  [ @skip-on-coverage ] 1`] = `49057`;

exports[`VolatilityOracle full volatilityOracle gas cost of getTimepoints(200 * 13)  [ @skip-on-coverage ] 1`] = `49020`;

exports[`VolatilityOracle full volatilityOracle gas cost of getTimepoints(middle)  [ @skip-on-coverage ] 1`] = `12518`;

exports[`VolatilityOracle full volatilityOracle gas cost of getTimepoints(oldest)  [ @skip-on-coverage ] 1`] = `47115`;

exports[`VolatilityOracle full volatilityOracle gas cost of getTimepoints(oldest) after 5 seconds  [ @skip-on-coverage ] 1`] = `47115`;

exports[`VolatilityOracle full volatilityOracle, maximal density gas cost of getTimepoints(0)  [ @skip-on-coverage ] 1`] = `6359`;

exports[`VolatilityOracle full volatilityOracle, maximal density gas cost of getTimepoints(0) after 5 seconds  [ @skip-on-coverage ] 1`] = `8201`;

exports[`VolatilityOracle full volatilityOracle, maximal density gas cost of getTimepoints(5) after 5 seconds  [ @skip-on-coverage ] 1`] = `6493`;

exports[`VolatilityOracle full volatilityOracle, maximal density gas cost of getTimepoints(24h ago) after 12 hours [ @skip-on-coverage ] 1`] = `69116`;

exports[`VolatilityOracle full volatilityOracle, maximal density gas cost of getTimepoints(200 * 1 + 5)  [ @skip-on-coverage ] 1`] = `71425`;

exports[`VolatilityOracle full volatilityOracle, maximal density gas cost of getTimepoints(200 * 1)  [ @skip-on-coverage ] 1`] = `65809`;

exports[`VolatilityOracle full volatilityOracle, maximal density gas cost of getTimepoints(middle)  [ @skip-on-coverage ] 1`] = `12558`;

exports[`VolatilityOracle full volatilityOracle, maximal density gas cost of getTimepoints(oldest)  [ @skip-on-coverage ] 1`] = `47155`;

exports[`VolatilityOracle full volatilityOracle, maximal density gas cost of getTimepoints(oldest) after 5 seconds  [ @skip-on-coverage ] 1`] = `47155`;
