// Jest Snapshot v1, https://goo.gl/fbAQLP

exports[`AlgebraPool gas tests fee is off #burn above current price burn entire position after some time passes 1`] = `106747`;

exports[`AlgebraPool gas tests fee is off #burn above current price burn when only position using ticks 1`] = `106747`;

exports[`AlgebraPool gas tests fee is off #burn above current price entire position burn but other positions are using the ticks 1`] = `109187`;

exports[`AlgebraPool gas tests fee is off #burn above current price partial position burn 1`] = `114018`;

exports[`AlgebraPool gas tests fee is off #burn around current price burn entire position after some time passes 1`] = `165728`;

exports[`AlgebraPool gas tests fee is off #burn around current price burn when only position using ticks 1`] = `114341`;

exports[`AlgebraPool gas tests fee is off #burn around current price entire position burn but other positions are using the ticks 1`] = `108280`;

exports[`AlgebraPool gas tests fee is off #burn around current price partial position burn 1`] = `113111`;

exports[`AlgebraPool gas tests fee is off #burn below current price burn entire position after some time passes 1`] = `116141`;

exports[`AlgebraPool gas tests fee is off #burn below current price burn when only position using ticks 1`] = `116141`;

exports[`AlgebraPool gas tests fee is off #burn below current price entire position burn but other positions are using the ticks 1`] = `109730`;

exports[`AlgebraPool gas tests fee is off #burn below current price partial position burn 1`] = `114561`;

exports[`AlgebraPool gas tests fee is off #collect close to worst case 1`] = `47868`;

exports[`AlgebraPool gas tests fee is off #getInnerCumulatives tick above 1`] = `30386`;

exports[`AlgebraPool gas tests fee is off #getInnerCumulatives tick below 1`] = `30345`;

exports[`AlgebraPool gas tests fee is off #getInnerCumulatives tick inside 1`] = `52350`;

exports[`AlgebraPool gas tests fee is off #mint above current price add to position after some time passes 1`] = `133591`;

exports[`AlgebraPool gas tests fee is off #mint above current price add to position existing 1`] = `133591`;

exports[`AlgebraPool gas tests fee is off #mint above current price new position mint first in range 1`] = `252149`;

exports[`AlgebraPool gas tests fee is off #mint above current price second position in same range 1`] = `150691`;

exports[`AlgebraPool gas tests fee is off #mint around current price add to position after some time passes 1`] = `226483`;

exports[`AlgebraPool gas tests fee is off #mint around current price add to position existing 1`] = `159450`;

exports[`AlgebraPool gas tests fee is off #mint around current price new position mint first in range 1`] = `408220`;

exports[`AlgebraPool gas tests fee is off #mint around current price second position in same range 1`] = `176550`;

exports[`AlgebraPool gas tests fee is off #mint below current price add to position after some time passes 1`] = `134526`;

exports[`AlgebraPool gas tests fee is off #mint below current price add to position existing 1`] = `134526`;

exports[`AlgebraPool gas tests fee is off #mint below current price new position mint first in range 1`] = `335642`;

exports[`AlgebraPool gas tests fee is off #mint below current price second position in same range 1`] = `151626`;

exports[`AlgebraPool gas tests fee is off #poke best case 1`] = `49576`;

exports[`AlgebraPool gas tests fee is off #swapExact0For1 first swap in block moves tick, no initialized crossings 1`] = `192148`;

exports[`AlgebraPool gas tests fee is off #swapExact0For1 first swap in block with no tick movement 1`] = `185938`;

exports[`AlgebraPool gas tests fee is off #swapExact0For1 first swap in block, large swap crossing a single initialized tick 1`] = `213662`;

exports[`AlgebraPool gas tests fee is off #swapExact0For1 first swap in block, large swap crossing several initialized ticks 1`] = `266828`;

exports[`AlgebraPool gas tests fee is off #swapExact0For1 first swap in block, large swap, no initialized crossings 1`] = `204534`;

exports[`AlgebraPool gas tests fee is off #swapExact0For1 large swap crossing several initialized ticks after some time passes 1`] = `266828`;

exports[`AlgebraPool gas tests fee is off #swapExact0For1 large swap crossing several initialized ticks second time after some time passes 1`] = `286028`;

exports[`AlgebraPool gas tests fee is off #swapExact0For1 second swap in block moves tick, no initialized crossings 1`] = `127243`;

exports[`AlgebraPool gas tests fee is off #swapExact0For1 second swap in block with no tick movement 1`] = `121083`;

exports[`AlgebraPool gas tests fee is off #swapExact0For1 second swap in block, large swap crossing a single initialized tick 1`] = `146739`;

exports[`AlgebraPool gas tests fee is off #swapExact0For1 second swap in block, large swap crossing several initialized ticks 1`] = `200901`;

exports[`AlgebraPool gas tests fee is off #swapExact0For1 several large swaps with pauses 1`] = `311327`;

exports[`AlgebraPool gas tests fee is off #swapExact0For1 small swap after several large swaps with pauses 1`] = `211772`;

exports[`AlgebraPool gas tests fee is on #burn above current price burn entire position after some time passes 1`] = `106747`;

exports[`AlgebraPool gas tests fee is on #burn above current price burn when only position using ticks 1`] = `106747`;

exports[`AlgebraPool gas tests fee is on #burn above current price entire position burn but other positions are using the ticks 1`] = `109187`;

exports[`AlgebraPool gas tests fee is on #burn above current price partial position burn 1`] = `114018`;

exports[`AlgebraPool gas tests fee is on #burn around current price burn entire position after some time passes 1`] = `165728`;

exports[`AlgebraPool gas tests fee is on #burn around current price burn when only position using ticks 1`] = `114341`;

exports[`AlgebraPool gas tests fee is on #burn around current price entire position burn but other positions are using the ticks 1`] = `108280`;

exports[`AlgebraPool gas tests fee is on #burn around current price partial position burn 1`] = `113111`;

exports[`AlgebraPool gas tests fee is on #burn below current price burn entire position after some time passes 1`] = `116141`;

exports[`AlgebraPool gas tests fee is on #burn below current price burn when only position using ticks 1`] = `116141`;

exports[`AlgebraPool gas tests fee is on #burn below current price entire position burn but other positions are using the ticks 1`] = `109730`;

exports[`AlgebraPool gas tests fee is on #burn below current price partial position burn 1`] = `114561`;

exports[`AlgebraPool gas tests fee is on #collect close to worst case 1`] = `47868`;

exports[`AlgebraPool gas tests fee is on #getInnerCumulatives tick above 1`] = `30386`;

exports[`AlgebraPool gas tests fee is on #getInnerCumulatives tick below 1`] = `30345`;

exports[`AlgebraPool gas tests fee is on #getInnerCumulatives tick inside 1`] = `52350`;

exports[`AlgebraPool gas tests fee is on #mint above current price add to position after some time passes 1`] = `133591`;

exports[`AlgebraPool gas tests fee is on #mint above current price add to position existing 1`] = `133591`;

exports[`AlgebraPool gas tests fee is on #mint above current price new position mint first in range 1`] = `252149`;

exports[`AlgebraPool gas tests fee is on #mint above current price second position in same range 1`] = `150691`;

exports[`AlgebraPool gas tests fee is on #mint around current price add to position after some time passes 1`] = `226483`;

exports[`AlgebraPool gas tests fee is on #mint around current price add to position existing 1`] = `159450`;

exports[`AlgebraPool gas tests fee is on #mint around current price new position mint first in range 1`] = `408220`;

exports[`AlgebraPool gas tests fee is on #mint around current price second position in same range 1`] = `176550`;

exports[`AlgebraPool gas tests fee is on #mint below current price add to position after some time passes 1`] = `134526`;

exports[`AlgebraPool gas tests fee is on #mint below current price add to position existing 1`] = `134526`;

exports[`AlgebraPool gas tests fee is on #mint below current price new position mint first in range 1`] = `335642`;

exports[`AlgebraPool gas tests fee is on #mint below current price second position in same range 1`] = `151626`;

exports[`AlgebraPool gas tests fee is on #poke best case 1`] = `49576`;

exports[`AlgebraPool gas tests fee is on #swapExact0For1 first swap in block moves tick, no initialized crossings 1`] = `204168`;

exports[`AlgebraPool gas tests fee is on #swapExact0For1 first swap in block with no tick movement 1`] = `186060`;

exports[`AlgebraPool gas tests fee is on #swapExact0For1 first swap in block, large swap crossing a single initialized tick 1`] = `225804`;

exports[`AlgebraPool gas tests fee is on #swapExact0For1 first swap in block, large swap crossing several initialized ticks 1`] = `279336`;

exports[`AlgebraPool gas tests fee is on #swapExact0For1 first swap in block, large swap, no initialized crossings 1`] = `216798`;

exports[`AlgebraPool gas tests fee is on #swapExact0For1 large swap crossing several initialized ticks after some time passes 1`] = `279336`;

exports[`AlgebraPool gas tests fee is on #swapExact0For1 large swap crossing several initialized ticks second time after some time passes 1`] = `298536`;

exports[`AlgebraPool gas tests fee is on #swapExact0For1 second swap in block moves tick, no initialized crossings 1`] = `139263`;

exports[`AlgebraPool gas tests fee is on #swapExact0For1 second swap in block with no tick movement 1`] = `121205`;

exports[`AlgebraPool gas tests fee is on #swapExact0For1 second swap in block, large swap crossing a single initialized tick 1`] = `158759`;

exports[`AlgebraPool gas tests fee is on #swapExact0For1 second swap in block, large swap crossing several initialized ticks 1`] = `213287`;

exports[`AlgebraPool gas tests fee is on #swapExact0For1 several large swaps with pauses 1`] = `323835`;

exports[`AlgebraPool gas tests fee is on #swapExact0For1 small swap after several large swaps with pauses 1`] = `211894`;
