// Jest Snapshot v1, https://goo.gl/fbAQLP

exports[`AlgebraFactory #createPool gas 1`] = `6322516`;

exports[`AlgebraFactory factory bytecode size 1`] = `9652`;

exports[`AlgebraFactory pool bytecode size 1`] = `22276`;
