// Jest Snapshot v1, https://goo.gl/fbAQLP

exports[`DataStorage #getTimepoints before initialization gas for getTimepoints since most recent 1`] = `11105`;

exports[`DataStorage #getTimepoints before initialization gas for single timepoint at current time 1`] = `8878`;

exports[`DataStorage #getTimepoints before initialization gas for single timepoint at current time counterfactually computed 1`] = `10808`;

exports[`DataStorage #getTimepoints initialized with 5 timepoints with starting time of 5 fetch many values 1`] = `
Object {
  "secondsPerLiquidityCumulatives": Array [
    "544451787073501541541399371890829138329",
    "799663562264205389138930327464655296921",
    "1045423049484883168306923099498710116305",
    "1423514568285925905488450441089563684590",
    "2152691068830794041481396028443352709138",
    "2347138135642758877746181518404363115684",
    "2395749902345750086812377890894615717321",
  ],
  "tickCumulatives": Array [
    -13,
    -31,
    -43,
    -37,
    -15,
    9,
    15,
  ],
}
`;

exports[`DataStorage #getTimepoints initialized with 5 timepoints with starting time of 5 gas all of last 20 seconds 1`] = `158946`;

exports[`DataStorage #getTimepoints initialized with 5 timepoints with starting time of 5 gas between oldest and oldest + 1 1`] = `25142`;

exports[`DataStorage #getTimepoints initialized with 5 timepoints with starting time of 5 gas latest equal 1`] = `8878`;

exports[`DataStorage #getTimepoints initialized with 5 timepoints with starting time of 5 gas latest transform 1`] = `15600`;

exports[`DataStorage #getTimepoints initialized with 5 timepoints with starting time of 5 gas middle 1`] = `24630`;

exports[`DataStorage #getTimepoints initialized with 5 timepoints with starting time of 5 gas oldest 1`] = `23553`;

exports[`DataStorage #getTimepoints initialized with 5 timepoints with starting time of 4294967291 fetch many values 1`] = `
Object {
  "secondsPerLiquidityCumulatives": Array [
    "544451787073501541541399371890829138329",
    "799663562264205389138930327464655296921",
    "1045423049484883168306923099498710116305",
    "1423514568285925905488450441089563684590",
    "2152691068830794041481396028443352709138",
    "2347138135642758877746181518404363115684",
    "2395749902345750086812377890894615717321",
  ],
  "tickCumulatives": Array [
    -13,
    -31,
    -43,
    -37,
    -15,
    9,
    15,
  ],
}
`;

exports[`DataStorage #getTimepoints initialized with 5 timepoints with starting time of 4294967291 gas all of last 20 seconds 1`] = `158598`;

exports[`DataStorage #getTimepoints initialized with 5 timepoints with starting time of 4294967291 gas between oldest and oldest + 1 1`] = `25084`;

exports[`DataStorage #getTimepoints initialized with 5 timepoints with starting time of 4294967291 gas latest equal 1`] = `8878`;

exports[`DataStorage #getTimepoints initialized with 5 timepoints with starting time of 4294967291 gas latest transform 1`] = `15629`;

exports[`DataStorage #getTimepoints initialized with 5 timepoints with starting time of 4294967291 gas middle 1`] = `24601`;

exports[`DataStorage #getTimepoints initialized with 5 timepoints with starting time of 4294967291 gas oldest 1`] = `23495`;

exports[`DataStorage #initialize gas 1`] = `89936`;
