// Jest Snapshot v1, https://goo.gl/fbAQLP

exports[`NonfungiblePositionManager #burn gas 1`] = `66076`;

exports[`NonfungiblePositionManager #collect gas transfers both 1`] = `116922`;

exports[`NonfungiblePositionManager #collect gas transfers token0 only 1`] = `110146`;

exports[`NonfungiblePositionManager #collect gas transfers token1 only 1`] = `110337`;

exports[`NonfungiblePositionManager #createAndInitializePoolIfNecessary gas 1`] = `6633568`;

exports[`NonfungiblePositionManager #decreaseLiquidity gas complete decrease 1`] = `194740`;

exports[`NonfungiblePositionManager #decreaseLiquidity gas partial decrease 1`] = `211785`;

exports[`NonfungiblePositionManager #increaseLiquidity gas 1`] = `227773`;

exports[`NonfungiblePositionManager #mint gas first mint for pool 1`] = `666528`;

exports[`NonfungiblePositionManager #mint gas first mint for pool using eth with non-zero refund 1`] = `676911`;

exports[`NonfungiblePositionManager #mint gas first mint for pool using eth with zero refund 1`] = `669686`;

exports[`NonfungiblePositionManager #mint gas mint for same pool, different ticks 1`] = `502477`;

exports[`NonfungiblePositionManager #mint gas mint on same ticks 1`] = `395496`;

exports[`NonfungiblePositionManager #permit owned by eoa gas 1`] = `64516`;

exports[`NonfungiblePositionManager #permit owned by verifying contract gas 1`] = `68313`;

exports[`NonfungiblePositionManager #transferFrom gas 1`] = `109690`;

exports[`NonfungiblePositionManager #transferFrom gas comes from approved 1`] = `108290`;

exports[`NonfungiblePositionManager bytecode size 1`] = `24180`;

exports[`NonfungiblePositionManager multicall exit gas 1`] = `263918`;
