// Jest Snapshot v1, https://goo.gl/fbAQLP

exports[`PoolAddress #computeAddress gas cost 1`] = `579`;

exports[`PoolAddress #computeAddress matches example from core repo 1`] = `"0x0849eB13468a1C94d2E27ECfee3f7e6aCe3D1Efe"`;
