// Jest Snapshot v1, https://goo.gl/fbAQLP

exports[`PositionValue #fees when price is above the position range gas 1`] = `48185`;

exports[`PositionValue #fees when price is below the position range gas 1`] = `48251`;

exports[`PositionValue #fees when price is within the position range gas 1`] = `53710`;

exports[`PositionValue #principal gas 1`] = `22824`;

exports[`PositionValue #total gas 1`] = `56801`;
