// Jest Snapshot v1, https://goo.gl/fbAQLP

exports[`QuoterV2 quotes #quoteExactInputSingle gas [ @skip-on-coverage ] 0 -> 2 1`] = `155737`;

exports[`QuoterV2 quotes #quoteExactInputSingle gas [ @skip-on-coverage ] 2 -> 0 1`] = `155679`;

exports[`QuoterV2 quotes #quoteExactOutput gas [ @skip-on-coverage ] 0 -> 2 -> 1 1`] = `246524`;

exports[`QuoterV2 quotes #quoteExactOutput gas [ @skip-on-coverage ] 0 -> 2 cross 0 tick starting tick initialized 1`] = `105379`;

exports[`QuoterV2 quotes #quoteExactOutput gas [ @skip-on-coverage ] 0 -> 2 cross 0 tick starting tick not initialized 1`] = `90111`;

exports[`QuoterV2 quotes #quoteExactOutput gas [ @skip-on-coverage ] 0 -> 2 cross 1 tick 1`] = `125475`;

exports[`QuoterV2 quotes #quoteExactOutput gas [ @skip-on-coverage ] 0 -> 2 cross 2 tick 1`] = `155644`;

exports[`QuoterV2 quotes #quoteExactOutput gas [ @skip-on-coverage ] 0 -> 2 cross 2 where tick after is initialized 1`] = `125484`;

exports[`QuoterV2 quotes #quoteExactOutput gas [ @skip-on-coverage ] 2 -> 0 cross 1 tick 1`] = `125812`;

exports[`QuoterV2 quotes #quoteExactOutput gas [ @skip-on-coverage ] 2 -> 0 cross 2 ticks 1`] = `156255`;

exports[`QuoterV2 quotes #quoteExactOutput gas [ @skip-on-coverage ] 2 -> 0 cross 2 where tick after is initialized 1`] = `156259`;

exports[`QuoterV2 quotes #quoteExactOutput gas [ @skip-on-coverage ] 2 -> 1 1`] = `90899`;

exports[`QuoterV2 quotes #quoteExactOutputSingle gas [ @skip-on-coverage ] 0 -> 1 1`] = `91098`;

exports[`QuoterV2 quotes #quoteExactOutputSingle gas [ @skip-on-coverage ] 1 -> 0 1`] = `91115`;
