// Jest Snapshot v1, https://goo.gl/fbAQLP

exports[`SwapRouter bytecode size [ @skip-on-coverage ] 1`] = `14173`;

exports[`SwapRouter swaps #exactInput multi-pool gas cost [ @skip-on-coverage ] 1`] = `242225`;

exports[`SwapRouter swaps #exactInputSingle gas cost [ @skip-on-coverage ] 1`] = `139440`;

exports[`SwapRouter swaps #exactInputSingleSupportingFeeOnTransferTokens gas cost [ @skip-on-coverage ] 1`] = `192439`;

exports[`SwapRouter swaps #exactOutput Native input WNativeToken gas cost [ @skip-on-coverage ] 1`] = `236981`;

exports[`SwapRouter swaps #exactOutput multi-pool gas cost [ @skip-on-coverage ] 1`] = `243779`;

exports[`SwapRouter swaps #exactOutput single-pool gas cost [ @skip-on-coverage ] 1`] = `149246`;

exports[`SwapRouter swaps #exactOutputSingle gas cost [ @skip-on-coverage ] 1`] = `145561`;
